
> web@0.1.0 build
> next build

▲ Next.js 16.3.2 (Turbopack)
- Environments: .env.local
✓ Running next.config.ts took 3.3s

  Creating an optimized production build ...
✓ Compiled successfully in 33.7s
  Running TypeScript ...
  Finished TypeScript in 6.6s ...
  Collecting page data using 5 workers ...
  Generating static pages using 5 workers (0/7) ...
  Generating static pages using 5 workers (1/7) 
  Generating static pages using 5 workers (3/7) 
  Generating static pages using 5 workers (5/7) 
✓ Generating static pages using 5 workers (7/7) in 531ms
  Finalizing page optimization ...

Route (app)
┌ ○ /
├ ○ /_not-found
├ ○ /app
├ ƒ /invite/[code]
├ ○ /login
└ ○ /register


○  (Static)   prerendered as static content
ƒ  (Dynamic)  server-rendered on demand

